// Jest Snapshot v1, https://goo.gl/fbAQLP

exports[`Button snapshots 1`] = `
<button
  className=""
  type="button"
>
  Give Me More
</button>
`;
